
  .   ____          _            __ _ _
 /\\ / ___'_ __ _ _(_)_ __  __ _ \ \ \ \
( ( )\___ | '_ | '_| | '_ \/ _` | \ \ \ \
 \\/  ___)| |_)| | | | | || (_| |  ) ) ) )
  '  |____| .__|_| |_|_| |_\__, | / / / /
 =========|_|==============|___/=/_/_/_/
 :: Spring Boot ::                (v3.2.3)

2026-09-16T12:25:00.382+05:30  INFO 14272 --- [medicare-hms] [           main] c.medicare.hms.MedicareHmsApplication    : Starting MedicareHmsApplication v1.0.0 using Java 25.0.3 with PID 14272 (D:\one\OneDrive - Sri Lanka Institute of Information Technology\Desktop\Website\Website\backend\target\medicare-hms-1.0.0.jar started by cheha in D:\one\OneDrive - Sri Lanka Institute of Information Technology\Desktop\Website\Website\backend)
2026-09-16T12:25:00.384+05:30  INFO 14272 --- [medicare-hms] [           main] c.medicare.hms.MedicareHmsApplication    : No active profile set, falling back to 1 default profile: "default"
2026-09-16T12:25:01.023+05:30  INFO 14272 --- [medicare-hms] [           main] .s.d.r.c.RepositoryConfigurationDelegate : Bootstrapping Spring Data JPA repositories in DEFAULT mode.
2026-09-16T12:25:01.124+05:30  INFO 14272 --- [medicare-hms] [           main] .s.d.r.c.RepositoryConfigurationDelegate : Finished Spring Data repository scanning in 94 ms. Found 33 JPA repository interfaces.
2026-09-16T12:25:01.604+05:30  INFO 14272 --- [medicare-hms] [           main] o.s.b.w.embedded.tomcat.TomcatWebServer  : Tomcat initialized with port 8080 (http)
2026-09-16T12:25:01.614+05:30  INFO 14272 --- [medicare-hms] [           main] o.apache.catalina.core.StandardService   : Starting service [Tomcat]
2026-09-16T12:25:01.615+05:30  INFO 14272 --- [medicare-hms] [           main] o.apache.catalina.core.StandardEngine    : Starting Servlet engine: [Apache Tomcat/10.1.19]
2026-09-16T12:25:01.652+05:30  INFO 14272 --- [medicare-hms] [           main] o.a.c.c.C.[Tomcat].[localhost].[/]       : Initializing Spring embedded WebApplicationContext
2026-09-16T12:25:01.653+05:30  INFO 14272 --- [medicare-hms] [           main] w.s.c.ServletWebServerApplicationContext : Root WebApplicationContext: initialization completed in 1194 ms
2026-09-16T12:25:01.780+05:30  INFO 14272 --- [medicare-hms] [           main] o.hibernate.jpa.internal.util.LogHelper  : HHH000204: Processing PersistenceUnitInfo [name: default]
2026-09-16T12:25:01.830+05:30  INFO 14272 --- [medicare-hms] [           main] org.hibernate.Version                    : HHH000412: Hibernate ORM core version 6.4.4.Final
2026-09-16T12:25:01.858+05:30  INFO 14272 --- [medicare-hms] [           main] o.h.c.internal.RegionFactoryInitiator    : HHH000026: Second-level cache disabled
2026-09-16T12:25:02.074+05:30  INFO 14272 --- [medicare-hms] [           main] o.s.o.j.p.SpringPersistenceUnitInfo      : No LoadTimeWeaver setup: ignoring JPA class transformer
2026-09-16T12:25:02.101+05:30  INFO 14272 --- [medicare-hms] [           main] com.zaxxer.hikari.HikariDataSource       : HikariPool-1 - Starting...
2026-09-16T12:25:02.263+05:30  INFO 14272 --- [medicare-hms] [           main] com.zaxxer.hikari.pool.HikariPool        : HikariPool-1 - Added connection com.mysql.cj.jdbc.ConnectionImpl@6d4a05f7
2026-09-16T12:25:02.265+05:30  INFO 14272 --- [medicare-hms] [           main] com.zaxxer.hikari.HikariDataSource       : HikariPool-1 - Start completed.
2026-09-16T12:25:02.296+05:30  WARN 14272 --- [medicare-hms] [           main] org.hibernate.dialect.Dialect            : HHH000511: The 5.5.0 version for [org.hibernate.dialect.MySQLDialect] is no longer supported, hence certain features may not work properly. The minimum supported version is 8.0.0. Check the community dialects project for available legacy versions.
2026-09-16T12:25:02.301+05:30  WARN 14272 --- [medicare-hms] [           main] org.hibernate.orm.deprecation            : HHH90000025: MySQLDialect does not need to be specified explicitly using 'hibernate.dialect' (remove the property setting and it will be selected by default)
2026-09-16T12:25:03.439+05:30  INFO 14272 --- [medicare-hms] [           main] o.h.e.t.j.p.i.JtaPlatformInitiator       : HHH000489: No JTA platform available (set 'hibernate.transaction.jta.platform' to enable JTA platform integration)
Hibernate: 
    create table dispensing_records (
        dispensing_id bigint not null auto_increment,
        dispensing_date datetime(6),
        notes TEXT,
        patient_name varchar(255),
        pharmacist_id bigint,
        pharmacist_name varchar(255),
        prescription_id bigint not null,
        status varchar(255),
        total_amount float(53),
        primary key (dispensing_id)
    ) engine=InnoDB
Hibernate: 
    alter table medicines 
       add column batch_number varchar(255)
Hibernate: 
    alter table medicines 
       add column category_name varchar(255)
Hibernate: 
    alter table medicines 
       add column expiry_date date
Hibernate: 
    alter table medicines 
       add column manufacturer varchar(255)
Hibernate: 
    alter table medicines 
       add column quantity integer
Hibernate: 
    alter table medicines 
       add column supplier_name varchar(255)
Hibernate: 
    alter table medicines 
       add column unit_price float(53)
Hibernate: 
    alter table prescriptions 
       add column appointment_id bigint
2026-09-16T12:25:03.668+05:30  INFO 14272 --- [medicare-hms] [           main] j.LocalContainerEntityManagerFactoryBean : Initialized JPA EntityManagerFactory for persistence unit 'default'
2026-09-16T12:25:04.010+05:30  INFO 14272 --- [medicare-hms] [           main] o.s.d.j.r.query.QueryEnhancerFactory     : Hibernate is in classpath; If applicable, HQL parser will be used.
2026-09-16T12:25:05.146+05:30  WARN 14272 --- [medicare-hms] [           main] JpaBaseConfiguration$JpaWebConfiguration : spring.jpa.open-in-view is enabled by default. Therefore, database queries may be performed during view rendering. Explicitly configure spring.jpa.open-in-view to disable this warning
2026-09-16T12:25:05.168+05:30  INFO 14272 --- [medicare-hms] [           main] o.s.b.a.w.s.WelcomePageHandlerMapping    : Adding welcome page: class path resource [static/index.html]
2026-09-16T12:25:05.480+05:30  INFO 14272 --- [medicare-hms] [           main] o.s.b.w.embedded.tomcat.TomcatWebServer  : Tomcat started on port 8080 (http) with context path ''
2026-09-16T12:25:05.501+05:30  INFO 14272 --- [medicare-hms] [           main] c.medicare.hms.MedicareHmsApplication    : Started MedicareHmsApplication in 5.493 seconds (process running for 5.989)
==================================================
 Medicare Hospital Management Backend is Running! 
 Server: http://localhost:8080             
==================================================
2026-09-16T12:25:07.601+05:30  INFO 14272 --- [medicare-hms] [nio-8080-exec-1] o.a.c.c.C.[Tomcat].[localhost].[/]       : Initializing Spring DispatcherServlet 'dispatcherServlet'
2026-09-16T12:25:07.601+05:30  INFO 14272 --- [medicare-hms] [nio-8080-exec-1] o.s.web.servlet.DispatcherServlet        : Initializing Servlet 'dispatcherServlet'
2026-09-16T12:25:07.602+05:30  INFO 14272 --- [medicare-hms] [nio-8080-exec-1] o.s.web.servlet.DispatcherServlet        : Completed initialization in 0 ms
